// Jest Snapshot v1, https://goo.gl/fbAQLP

exports[`<List/> renders 1`] = `
<div>
  <ul>
    <li>
      spanakorizo
    </li>
    <li>
      burger
    </li>
  </ul>
</div>
`;
